#Values computed by Renjin
#Thu Aug 01 11:18:08 CEST 2019
CPu=50.0
C_Gd=0.1
