#Thu Aug 01 11:40:05 CEST 2019
KHI2=\ 5 / 6  
KHI2\ TABLE=\     |                                           PAR LA METHODE DU KHI2                                           |\n     |                                     POUR CHAQUE ESTIMATEUR INDIVIDUEL                                      |\n     \=\=\=\=\=\=\=\=\=\=\=\=\=\=\=\=\=\=\=\=\=\=\=\=\=\=\=\=\=\=\=\=\=\=\=\=\=\=\=\=\=\=\=\=\=\=\=\=\=\=\=\=\=\=\=\=\=\=\=\=\=\=\=\=\=\=\=\=\=\=\=\=\=\=\=\=\=\=\=\=\=\=\=\=\=\=\=\=\=\=\=\=\=\=\=\=\=\=\=\=\=\=\=\=\=\=\=\=\=\=\n\n     Le test du Khi2, effectue dans MORET, teste la vraisemblance de l'hypothese selon laquelle\n     les keff d'etape doivent etre statistiquement distribues selon une loi normale, si les sources\n     sont correctement placees dans les milieux fissiles en debut de chaque etape.\n\n     Le Khi2, calcule dans MORET, compare les frequences des valeurs de keff d'etape reparties en 12 classes\n     aux frequences theoriques attendues (basees sur l'hypothese d'une repartition gaussienne ideale de\n     l'echantillon des valeurs de keff d'etape).\n\n     La valeur du Khi2 \:\n     - est nulle lorsque les frequences observees sont egales aux frequences attendues, c'est-a-dire\n       lorsqu'il y a concordance absolue entre la distribution observee et la distribution attendue ;\n     - est d'autant plus grande que les ecarts entre les frequences observees et attendues sont grands.\n\n     Pour des echantillons de taille suffisamment grande, issus d'une loi normale, la probabilite que la\n     statistique du Khi2 obtenue soit superieure a une valeur x est connue et tabulee en fonction de x.\n     Bien que la probabilite d'obtenir une valeur de la statistique du Khi2 elevee soit non nulle,\n     les plus faibles valeurs sont les plus probables.\n     Par exemple, il y a seulement 5 % de chance que cette valeur soit superieure a 16.919 pour un echantillon\n     issu d'une loi normale.\n     Comme on attend que la distribution des keff d'etape soit normale, on attend que la statistique du Khi2\n     de l'echantillon des keff d'etape ne soit pas "anormalement" eleve.\n     De facon arbitraire on considere que les valeurs de la statistique du Khi2 superieures a 16.919\n     sont "anormalement" elevees car il y a moins de 5 % de chance qu'un echantillon issu d'une loi normale\n     conduise a de telles valeurs.\n\n     Un test statistique est un critere d'aide a la decision permettant de trancher entre 2 hypotheses \:\n     H0\: l'echantillon des keff d'etape est issu d'une loi gaussienne.\n     H1\: l'echantillon des keff d'etape n'est pas issu d'une loi gaussienne.\n     Il consiste a fixer un seuil ARBITRAIRE (5 %), tel que lorsque la probabilite associee a la valeur\n     de la statistique \:\n     - est superieure au SEUIL, H0 est consideree comme PLAUSIBLE (mais non prouvee) et est donc ACCEPTEE ;\n     - est inferieure au SEUIL, H0 est consideree comme PEU PLAUSIBLE et est donc REJETEE au profit de H1.\n     Il existe deux RISQUES \:\n     - le risque ALPHA de rejeter a tort l'hypothese de normalite (egal au SEUIL arbitraire de 5 %) ;\n     - le risque BETA d'accepter a tort l'hypothese de normalite.\n     Plus le SEUIL (ALPHA) est faible et plus BETA est grand \: aucun test n'est fiable a 100 % ...\n          \=\=\=\=\=\=\=\=\=\=\=\=\=\=\=\=\=\=\=\=\=\=\=\=\=\=\=\=\=\=\=\=\=\=\=\=\=\=\=\=\=\=\=\=\=\=\=\=\=\=\=\=\=\=\=\=\=\=\=\=\=\=\=\=\=\=\=\=\=\=\=\=\=\=\=\=\=\=\=\=\=\=\=\=\=\=\=\=\=\=\=\=\=\=\=\=\=\=\=\n          |NB ETAPES|    TEST   | SOURCE   | SOURCE   | SOURCE   | BILAN    | BILAN    | BILAN    |NB ESTIM.|\n          | SUPPRIM.|    KHI2   | CHOC     | CORDE    | ABSORP.  | CHOC     | CORDE    | ABSORP.  | NORMAUX |\n          \=\=\=\=\=\=\=\=\=\=\=\=\=\=\=\=\=\=\=\=\=\=\=\=\=\=\=\=\=\=\=\=\=\=\=\=\=\=\=\=\=\=\=\=\=\=\=\=\=\=\=\=\=\=\=\=\=\=\=\=\=\=\=\=\=\=\=\=\=\=\=\=\=\=\=\=\=\=\=\=\=\=\=\=\=\=\=\=\=\=\=\=\=\=\=\=\=\=\=\n          |       0 | Val. stat.|  14.063  |   7.707  |   7.833  |   5.903  |  17.826  |   9.946  |         |\n          |         | Proba.    |  12.5 %  |  56.5 %  |  55.2 %  |  75.0 %  |   3.9 %  |  35.7 %  |         |\n          |         | Normalite | acceptee | acceptee | acceptee | acceptee | rejetee  | acceptee |  5 / 6  |\n          |         | Normalite | acceptee | acceptee | acceptee | acceptee | rejetee  | acceptee |  5 / 6  |\n          \=\=\=\=\=\=\=\=\=\=\=\=\=\=\=\=\=\=\=\=\=\=\=\=\=\=\=\=\=\=\=\=\=\=\=\=\=\=\=\=\=\=\=\=\=\=\=\=\=\=\=\=\=\=\=\=\=\=\=\=\=\=\=\=\=\=\=\=\=\=\=\=\=\=\=\=\=\=\=\=\=\=\=\=\=\=\=\=\=\=\=\=\=\=\=\=\=\=\=\n          |      49 | Val. stat.|  15.163  |   6.144  |   5.074  |   7.097  |   7.518  |   5.617  |         |\n          |         | Proba.    |   8.9 %  |  72.5 %  |  82.5 %  |  62.7 %  |  58.4 %  |  77.7 %  |         |\n          |         | Normalite | acceptee | acceptee | acceptee | acceptee | acceptee | acceptee |  6 / 6  |\n          \=\=\=\=\=\=\=\=\=\=\=\=\=\=\=\=\=\=\=\=\=\=\=\=\=\=\=\=\=\=\=\=\=\=\=\=\=\=\=\=\=\=\=\=\=\=\=\=\=\=\=\=\=\=\=\=\=\=\=\=\=\=\=\=\=\=\=\=\=\=\=\=\=\=\=\=\=\=\=\=\=\=\=\=\=\=\=\=\=\=\=\=\=\=\=\=\=\=\=\n          |      98 | Val. stat.|  12.544  |  13.000  |   5.592  |   5.817  |  11.184  |   5.535  |         |\n          |         | Proba.    |  18.8 %  |  16.9 %  |  78.0 %  |  75.8 %  |  26.4 %  |  78.5 %  |         |\n          |         | Normalite | acceptee | acceptee | acceptee | acceptee | acceptee | acceptee |  6 / 6  |\n          \=\=\=\=\=\=\=\=\=\=\=\=\=\=\=\=\=\=\=\=\=\=\=\=\=\=\=\=\=\=\=\=\=\=\=\=\=\=\=\=\=\=\=\=\=\=\=\=\=\=\=\=\=\=\=\=\=\=\=\=\=\=\=\=\=\=\=\=\=\=\=\=\=\=\=\=\=\=\=\=\=\=\=\=\=\=\=\=\=\=\=\=\=\=\=\=\=\=\=\n          |     147 | Val. stat.|  16.115  |  10.624  |   7.393  |   9.322  |   9.472  |   6.321  |         |\n          |         | Proba.    |   6.8 %  |  30.3 %  |  59.6 %  |  40.9 %  |  39.5 %  |  70.7 %  |         |\n          |         | Normalite | acceptee | acceptee | acceptee | acceptee | acceptee | acceptee |  6 / 6  |\n          \=\=\=\=\=\=\=\=\=\=\=\=\=\=\=\=\=\=\=\=\=\=\=\=\=\=\=\=\=\=\=\=\=\=\=\=\=\=\=\=\=\=\=\=\=\=\=\=\=\=\=\=\=\=\=\=\=\=\=\=\=\=\=\=\=\=\=\=\=\=\=\=\=\=\=\=\=\=\=\=\=\=\=\=\=\=\=\=\=\=\=\=\=\=\=\=\=\=\=\n          |     196 | Val. stat.|  12.601  |   9.473  |  11.996  |  14.104  |   9.939  |  16.050  |         |\n          |         | Proba.    |  18.5 %  |  39.5 %  |  21.5 %  |  12.4 %  |  35.8 %  |   6.9 %  |         |\n          |         | Normalite | acceptee | acceptee | acceptee | acceptee | acceptee | acceptee |  6 / 6  |\n          \=\=\=\=\=\=\=\=\=\=\=\=\=\=\=\=\=\=\=\=\=\=\=\=\=\=\=\=\=\=\=\=\=\=\=\=\=\=\=\=\=\=\=\=\=\=\=\=\=\=\=\=\=\=\=\=\=\=\=\=\=\=\=\=\=\=\=\=\=\=\=\=\=\=\=\=\=\=\=\=\=\=\=\=\=\=\=\=\=\=\=\=\=\=\=\=\=\=\=\n          |     245 | Val. stat.|  15.509  |   4.533  |  12.796  |  13.470  |  11.180  |  12.940  |         |\n          |         | Proba.    |   8.2 %  |  87.0 %  |  17.7 %  |  15.0 %  |  26.5 %  |  17.1 %  |         |\n          |         | Normalite | acceptee | acceptee | acceptee | acceptee | acceptee | acceptee |  6 / 6  |\n          \=\=\=\=\=\=\=\=\=\=\=\=\=\=\=\=\=\=\=\=\=\=\=\=\=\=\=\=\=\=\=\=\=\=\=\=\=\=\=\=\=\=\=\=\=\=\=\=\=\=\=\=\=\=\=\=\=\=\=\=\=\=\=\=\=\=\=\=\=\=\=\=\=\=\=\=\=\=\=\=\=\=\=\=\=\=\=\=\=\=\=\=\=\=\=\=\=\=\=\n          |     294 | Val. stat.|   8.901  |   9.072  |  16.538  |   9.481  |   6.349  |  14.116  |         |\n          |         | Proba.    |  44.8 %  |  43.2 %  |   5.9 %  |  39.5 %  |  70.4 %  |  12.3 %  |         |\n          |         | Normalite | acceptee | acceptee | acceptee | acceptee | acceptee | acceptee |  6 / 6  |\n          \=\=\=\=\=\=\=\=\=\=\=\=\=\=\=\=\=\=\=\=\=\=\=\=\=\=\=\=\=\=\=\=\=\=\=\=\=\=\=\=\=\=\=\=\=\=\=\=\=\=\=\=\=\=\=\=\=\=\=\=\=\=\=\=\=\=\=\=\=\=\=\=\=\=\=\=\=\=\=\=\=\=\=\=\=\=\=\=\=\=\=\=\=\=\=\=\=\=\=\n          |     343 | Val. stat.|   7.484  |   9.328  |   2.780  |   9.497  |  13.285  |   3.310  |         |\n          |         | Proba.    |  58.7 %  |  40.8 %  |  97.2 %  |  39.3 %  |  15.7 %  |  95.1 %  |         |\n          |         | Normalite | acceptee | acceptee | acceptee | acceptee | acceptee | acceptee |  6 / 6  |\n          \=\=\=\=\=\=\=\=\=\=\=\=\=\=\=\=\=\=\=\=\=\=\=\=\=\=\=\=\=\=\=\=\=\=\=\=\=\=\=\=\=\=\=\=\=\=\=\=\=\=\=\=\=\=\=\=\=\=\=\=\=\=\=\=\=\=\=\=\=\=\=\=\=\=\=\=\=\=\=\=\=\=\=\=\=\=\=\=\=\=\=\=\=\=\=\=\=\=\=\n          |     392 | Val. stat.|   4.342  |  11.134  |   2.330  |   8.532  |  11.017  |   2.926  |         |\n          |         | Proba.    |  88.6 %  |  26.8 %  |  98.4 %  |  48.2 %  |  27.6 %  |  96.6 %  |         |\n          |         | Normalite | acceptee | acceptee | acceptee | acceptee | acceptee | acceptee |  6 / 6  |\n          \=\=\=\=\=\=\=\=\=\=\=\=\=\=\=\=\=\=\=\=\=\=\=\=\=\=\=\=\=\=\=\=\=\=\=\=\=\=\=\=\=\=\=\=\=\=\=\=\=\=\=\=\=\=\=\=\=\=\=\=\=\=\=\=\=\=\=\=\=\=\=\=\=\=\=\=\=\=\=\=\=\=\=\=\=\=\=\=\=\=\=\=\=\=\=\=\=\=\=\n          |     441 | Val. stat.|   6.466  |  12.062  |   2.863  |  12.857  |   6.619  |   3.796  |         |\n          |         | Proba.    |  69.2 %  |  21.1 %  |  96.8 %  |  17.5 %  |  67.7 %  |  92.2 %  |         |\n          |         | Normalite | acceptee | acceptee | acceptee | acceptee | acceptee | acceptee |  6 / 6  |\n          \=\=\=\=\=\=\=\=\=\=\=\=\=\=\=\=\=\=\=\=\=\=\=\=\=\=\=\=\=\=\=\=\=\=\=\=\=\=\=\=\=\=\=\=\=\=\=\=\=\=\=\=\=\=\=\=\=\=\=\=\=\=\=\=\=\=\=\=\=\=\=\=\=\=\=\=\=\=\=\=\=\=\=\=\=\=\=\=\=\=\=\=\=\=\=\=\=\=\=\n
INFO_MOTS_CLES=Message d'information de INFO_ANISO numero 1 survenu lors de la preparation des donnees d'anisotropie.\nInformation sur l'ordre des developpements en polynomes de Legendre pour la chimie 1.\nNombre de transferts avec un developpement P5 \: 7856 (97.40 %)\nNombre de transferts avec un developpement P3 \: 132 (1.64 %)\nNombre de transferts avec un developpement P1 \: 78 (.97 %)\n\nMessage d'information de INFO_ANISO numero 2 survenu lors de la preparation des donnees d'anisotropie.\nInformation sur les modeles d'anisotropie de la diffusion utilises pour la chimie 1.\nNombre de transferts avec 3 angles \: 7855 (97.38 %) sur la base d'un developpement P5\nNombre de transferts avec Lux \: 133 (1.65 %) sur la base d'un developpement P3\nNombre de transferts avec Coveyou \: 78 (.97 %) sur la base d'un developpement P1\n\nMessage d'information de INFO_ANISO numero 6 survenu lors de la preparation des donnees d'anisotropie.\nPour les transferts listes ci-dessous, les cosinus moyens de diffusion sont invalides.\nIls sont remplaces par +/-1 et le developpement de ces transferts est limite a l'ordre 1.\n  Chimie                          Groupe depart    Groupe arrivee   Cosinus de diffusion\n- 1                               91                     92                      -1.1898829E+00\n\n
Densite\ de\ ralentissement=0.00004
KEFF\ COMBI.\ GENERALE=0.99410
LILLIEFORS=\ 6 / 6  
ECART\ TYPE=0.00100
LILLIEFORS\ TABLE=\     |                                PAR LA METHODE DE LILLIEFORS (~ KOLMOGOROV)                                 |\n     |                                     POUR CHAQUE ESTIMATEUR INDIVIDUEL                                      |\n     \=\=\=\=\=\=\=\=\=\=\=\=\=\=\=\=\=\=\=\=\=\=\=\=\=\=\=\=\=\=\=\=\=\=\=\=\=\=\=\=\=\=\=\=\=\=\=\=\=\=\=\=\=\=\=\=\=\=\=\=\=\=\=\=\=\=\=\=\=\=\=\=\=\=\=\=\=\=\=\=\=\=\=\=\=\=\=\=\=\=\=\=\=\=\=\=\=\=\=\=\=\=\=\=\=\=\=\=\=\=\n\n     Le test de Lilliefors, effectue dans MORET, teste la vraisemblance de l'hypothese selon laquelle\n     les keff d'etape doivent etre statistiquement distribues selon une loi normale, si les sources\n     sont correctement placees dans les milieux fissiles en debut de chaque etape.\n\n     Pour des echantillons de taille suffisamment grande, issus d'une loi normale, la probabilite que la\n     statistique de Lilliefors obtenue soit superieure a une valeur x est connue et tabulee en fonction de x.\n     Bien que la probabilite d'obtenir une valeur de la statistique de Lilliefors elevee soit non nulle,\n     les plus faibles valeurs sont les plus probables.\n     Par exemple, il y a seulement 5 % de chance que cette valeur soit superieure a .907 pour un echantillon\n     issu d'une loi normale.\n     Comme on attend que la distribution des keff d'etape soit normale, on attend que la statistique de Lilliefors\n     de l'echantillon des keff d'etape ne soit pas "anormalement" eleve.\n     De facon arbitraire on considere que les valeurs de la statistique de Lilliefors superieures a .907\n     sont "anormalement" elevees car il y a moins de 5 % de chance qu'un echantillon issu d'une loi normale\n     conduise a de telles valeurs.\n\n     Un test statistique est un critere d'aide a la decision permettant de trancher entre 2 hypotheses \:\n     H0\: l'echantillon des keff d'etape est issu d'une loi gaussienne.\n     H1\: l'echantillon des keff d'etape n'est pas issu d'une loi gaussienne.\n     Il consiste a fixer un seuil ARBITRAIRE (5 %), tel que lorsque la probabilite associee a la valeur\n     de la statistique \:\n     - est superieure au SEUIL, H0 est consideree comme PLAUSIBLE (mais non prouvee) et est donc ACCEPTEE ;\n     - est inferieure au SEUIL, H0 est consideree comme PEU PLAUSIBLE et est donc REJETEE au profit de H1.\n     Il existe deux RISQUES \:\n     - le risque ALPHA de rejeter a tort l'hypothese de normalite (egal au SEUIL arbitraire de 5 %) ;\n     - le risque BETA d'accepter a tort l'hypothese de normalite.\n     Plus le SEUIL (ALPHA) est faible et plus BETA est grand \: aucun test n'est fiable a 100 % ...\n          \=\=\=\=\=\=\=\=\=\=\=\=\=\=\=\=\=\=\=\=\=\=\=\=\=\=\=\=\=\=\=\=\=\=\=\=\=\=\=\=\=\=\=\=\=\=\=\=\=\=\=\=\=\=\=\=\=\=\=\=\=\=\=\=\=\=\=\=\=\=\=\=\=\=\=\=\=\=\=\=\=\=\=\=\=\=\=\=\=\=\=\=\=\=\=\=\=\=\=\n          |NB ETAPES|    TEST   | SOURCE   | SOURCE   | SOURCE   | BILAN    | BILAN    | BILAN    |NB ESTIM.|\n          | SUPPRIM.| Lilliefors| CHOC     | CORDE    | ABSORP.  | CHOC     | CORDE    | ABSORP.  | NORMAUX |\n          \=\=\=\=\=\=\=\=\=\=\=\=\=\=\=\=\=\=\=\=\=\=\=\=\=\=\=\=\=\=\=\=\=\=\=\=\=\=\=\=\=\=\=\=\=\=\=\=\=\=\=\=\=\=\=\=\=\=\=\=\=\=\=\=\=\=\=\=\=\=\=\=\=\=\=\=\=\=\=\=\=\=\=\=\=\=\=\=\=\=\=\=\=\=\=\=\=\=\=\n          |       0 | Val. stat.|   0.870  |   0.462  |   0.627  |   0.781  |   0.683  |   0.587  |         |\n          |         | Proba.    |   7.5 %  |  89.6 %  |  46.6 %  |  16.4 %  |  32.8 %  |  57.2 %  |         |\n          |         | Normalite | acceptee | acceptee | acceptee | acceptee | acceptee | acceptee |  6 / 6  |\n          |         | Normalite | acceptee | acceptee | acceptee | acceptee | acceptee | acceptee |  6 / 6  |\n          \=\=\=\=\=\=\=\=\=\=\=\=\=\=\=\=\=\=\=\=\=\=\=\=\=\=\=\=\=\=\=\=\=\=\=\=\=\=\=\=\=\=\=\=\=\=\=\=\=\=\=\=\=\=\=\=\=\=\=\=\=\=\=\=\=\=\=\=\=\=\=\=\=\=\=\=\=\=\=\=\=\=\=\=\=\=\=\=\=\=\=\=\=\=\=\=\=\=\=\n          |      49 | Val. stat.|   0.772  |   0.456  |   0.545  |   0.806  |   0.737  |   0.504  |         |\n          |         | Proba.    |  17.5 %  |  90.6 %  |  69.2 %  |  13.4 %  |  22.4 %  |  80.2 %  |         |\n          |         | Normalite | acceptee | acceptee | acceptee | acceptee | acceptee | acceptee |  6 / 6  |\n          \=\=\=\=\=\=\=\=\=\=\=\=\=\=\=\=\=\=\=\=\=\=\=\=\=\=\=\=\=\=\=\=\=\=\=\=\=\=\=\=\=\=\=\=\=\=\=\=\=\=\=\=\=\=\=\=\=\=\=\=\=\=\=\=\=\=\=\=\=\=\=\=\=\=\=\=\=\=\=\=\=\=\=\=\=\=\=\=\=\=\=\=\=\=\=\=\=\=\=\n          |      98 | Val. stat.|   0.798  |   0.543  |   0.578  |   0.760  |   0.594  |   0.526  |         |\n          |         | Proba.    |  14.3 %  |  69.7 %  |  59.8 %  |  19.0 %  |  55.5 %  |  74.6 %  |         |\n          |         | Normalite | acceptee | acceptee | acceptee | acceptee | acceptee | acceptee |  6 / 6  |\n          \=\=\=\=\=\=\=\=\=\=\=\=\=\=\=\=\=\=\=\=\=\=\=\=\=\=\=\=\=\=\=\=\=\=\=\=\=\=\=\=\=\=\=\=\=\=\=\=\=\=\=\=\=\=\=\=\=\=\=\=\=\=\=\=\=\=\=\=\=\=\=\=\=\=\=\=\=\=\=\=\=\=\=\=\=\=\=\=\=\=\=\=\=\=\=\=\=\=\=\n          |     147 | Val. stat.|   0.880  |   0.506  |   0.526  |   0.780  |   0.587  |   0.517  |         |\n          |         | Proba.    |   6.8 %  |  79.9 %  |  74.4 %  |  16.5 %  |  57.3 %  |  76.9 %  |         |\n          |         | Normalite | acceptee | acceptee | acceptee | acceptee | acceptee | acceptee |  6 / 6  |\n          \=\=\=\=\=\=\=\=\=\=\=\=\=\=\=\=\=\=\=\=\=\=\=\=\=\=\=\=\=\=\=\=\=\=\=\=\=\=\=\=\=\=\=\=\=\=\=\=\=\=\=\=\=\=\=\=\=\=\=\=\=\=\=\=\=\=\=\=\=\=\=\=\=\=\=\=\=\=\=\=\=\=\=\=\=\=\=\=\=\=\=\=\=\=\=\=\=\=\=\n          |     196 | Val. stat.|   0.786  |   0.479  |   0.605  |   0.936  |   0.605  |   0.596  |         |\n          |         | Proba.    |  15.8 %  |  85.8 %  |  52.4 %  |   3.9 %  |  52.5 %  |  54.8 %  |         |\n          |         | Normalite | acceptee | acceptee | acceptee | rejetee  | acceptee | acceptee |  5 / 6  |\n          \=\=\=\=\=\=\=\=\=\=\=\=\=\=\=\=\=\=\=\=\=\=\=\=\=\=\=\=\=\=\=\=\=\=\=\=\=\=\=\=\=\=\=\=\=\=\=\=\=\=\=\=\=\=\=\=\=\=\=\=\=\=\=\=\=\=\=\=\=\=\=\=\=\=\=\=\=\=\=\=\=\=\=\=\=\=\=\=\=\=\=\=\=\=\=\=\=\=\=\n          |     245 | Val. stat.|   0.824  |   0.555  |   0.738  |   0.995  |   0.724  |   0.729  |         |\n          |         | Proba.    |  11.2 %  |  66.4 %  |  22.2 %  |   2.1 %  |  24.6 %  |  23.8 %  |         |\n          |         | Normalite | acceptee | acceptee | acceptee | rejetee  | acceptee | acceptee |  5 / 6  |\n          \=\=\=\=\=\=\=\=\=\=\=\=\=\=\=\=\=\=\=\=\=\=\=\=\=\=\=\=\=\=\=\=\=\=\=\=\=\=\=\=\=\=\=\=\=\=\=\=\=\=\=\=\=\=\=\=\=\=\=\=\=\=\=\=\=\=\=\=\=\=\=\=\=\=\=\=\=\=\=\=\=\=\=\=\=\=\=\=\=\=\=\=\=\=\=\=\=\=\=\n          |     294 | Val. stat.|   0.766  |   0.581  |   0.680  |   0.863  |   0.775  |   0.648  |         |\n          |         | Proba.    |  18.2 %  |  59.0 %  |  33.4 %  |   8.0 %  |  17.2 %  |  41.1 %  |         |\n          |         | Normalite | acceptee | acceptee | acceptee | acceptee | acceptee | acceptee |  6 / 6  |\n          \=\=\=\=\=\=\=\=\=\=\=\=\=\=\=\=\=\=\=\=\=\=\=\=\=\=\=\=\=\=\=\=\=\=\=\=\=\=\=\=\=\=\=\=\=\=\=\=\=\=\=\=\=\=\=\=\=\=\=\=\=\=\=\=\=\=\=\=\=\=\=\=\=\=\=\=\=\=\=\=\=\=\=\=\=\=\=\=\=\=\=\=\=\=\=\=\=\=\=\n          |     343 | Val. stat.|   0.517  |   0.606  |   0.527  |   0.770  |   0.630  |   0.524  |         |\n          |         | Proba.    |  77.0 %  |  52.3 %  |  74.3 %  |  17.7 %  |  45.8 %  |  75.1 %  |         |\n          |         | Normalite | acceptee | acceptee | acceptee | acceptee | acceptee | acceptee |  6 / 6  |\n          \=\=\=\=\=\=\=\=\=\=\=\=\=\=\=\=\=\=\=\=\=\=\=\=\=\=\=\=\=\=\=\=\=\=\=\=\=\=\=\=\=\=\=\=\=\=\=\=\=\=\=\=\=\=\=\=\=\=\=\=\=\=\=\=\=\=\=\=\=\=\=\=\=\=\=\=\=\=\=\=\=\=\=\=\=\=\=\=\=\=\=\=\=\=\=\=\=\=\=\n          |     392 | Val. stat.|   0.336  |   0.560  |   0.330  |   0.828  |   0.746  |   0.312  |         |\n          |         | Proba.    |  99.8 %  |  64.7 %  |  99.8 %  |  10.7 %  |  20.9 %  | 100.0 %  |         |\n          |         | Normalite | acceptee | acceptee | acceptee | acceptee | acceptee | acceptee |  6 / 6  |\n          \=\=\=\=\=\=\=\=\=\=\=\=\=\=\=\=\=\=\=\=\=\=\=\=\=\=\=\=\=\=\=\=\=\=\=\=\=\=\=\=\=\=\=\=\=\=\=\=\=\=\=\=\=\=\=\=\=\=\=\=\=\=\=\=\=\=\=\=\=\=\=\=\=\=\=\=\=\=\=\=\=\=\=\=\=\=\=\=\=\=\=\=\=\=\=\=\=\=\=\n          |     441 | Val. stat.|   0.450  |   0.565  |   0.440  |   0.659  |   0.567  |   0.441  |         |\n          |         | Proba.    |  91.5 %  |  63.4 %  |  93.0 %  |  38.2 %  |  62.7 %  |  92.8 %  |         |\n          |         | Normalite | acceptee | acceptee | acceptee | acceptee | acceptee | acceptee |  6 / 6  |\n          \=\=\=\=\=\=\=\=\=\=\=\=\=\=\=\=\=\=\=\=\=\=\=\=\=\=\=\=\=\=\=\=\=\=\=\=\=\=\=\=\=\=\=\=\=\=\=\=\=\=\=\=\=\=\=\=\=\=\=\=\=\=\=\=\=\=\=\=\=\=\=\=\=\=\=\=\=\=\=\=\=\=\=\=\=\=\=\=\=\=\=\=\=\=\=\=\=\=\=\n
