#Values computed by Renjin
#Thu Aug 01 11:39:59 CEST 2019
