#Values computed by Renjin
#Thu Aug 01 11:11:52 CEST 2019
Hx=1.0
