#Values computed by Renjin
#Thu Aug 01 13:12:50 CEST 2019
