#snkeff
#Thu Aug 01 12:18:22 CEST 2019
TAUX\ DE\ FISSION\ =0.384513825 s-1
TAUX\ DE\ PRODUCTION\ =0.996843696 s-1
Erreur\ du\ bilan\ (REFLEC0)\ a\ B2\ critique=0.000000119
VALEUR\ PROPRE\ =0.996849656
VALEUR\ PROPRE\ (REFLEC0)\ a\ B2\ critique=1.000002861
FUITES\ DB2\ (S)\ (REFLEC0)\ a\ B2\ critique=0.252143264 s-1
TAUX\ DE\ NEXCES\ (REFLEC0)\ a\ B2\ critique=0.000991796 s-1
KEFF\ =0.996843517
KINF\ =2.331811666
RALENTISSEMENT\ (REFLEC0)\ a\ B2\ critique=0.000026735
B2\ (REFLEC0)\ a\ B2\ critique=0.079586059
TAUX\ D'ABSORPTION\ =0.429887891 s-1
M2\ (REFLEC0)\ a\ B2\ critique=16.559642792 cm2
TAUX\ DE\ FISSION\ (REFLEC0)\ a\ B2\ critique=0.171445325 s-1
KINF\ (REFLEC0)\ a\ B2\ critique=2.317920446
TAUX\ DE\ PRODUCTION\ (REFLEC0)\ a\ B2\ critique=0.443463624 s-1
RALENTISSEMENT\ =0.000027747
KEFF\ (REFLEC0)\ a\ B2\ critique=1.000001669
Erreur\ du\ bilan\ =0.000005841
TAUX\ DE\ NEXCES\ =0.002390396 s-1
TAUX\ D'ABSORPTION\ (REFLEC0)\ a\ B2\ critique=0.192311391 s-1
